// Jest Snapshot v1, https://goo.gl/fbAQLP

exports[`Home page matches snapshot 1`] = `
<DocumentFragment>
  <main>
    <h1
      class="MuiTypography-root MuiTypography-h1"
    >
      Construction Companies
    </h1>
    <div
      class="MuiToolbar-root MuiToolbar-regular MuiToolbar-gutters"
    >
      <div
        class="MuiFormControl-root MuiTextField-root"
      >
        <div
          class="MuiInputBase-root MuiInput-root MuiInput-underline MuiInputBase-formControl MuiInput-formControl"
        >
          <input
            aria-invalid="false"
            class="MuiInputBase-input MuiInput-input MuiInputBase-inputTypeSearch MuiInput-inputTypeSearch"
            placeholder="Search by name"
            type="search"
            value=""
          />
        </div>
      </div>
    </div>
    <div
      aria-colcount="4"
      aria-label="grid"
      aria-multiselectable="false"
      aria-rowcount="0"
      class="MuiDataGrid-root MuiDataGrid-root MuiDataGrid-autoHeight"
      role="grid"
      tabindex="0"
    >
      <div />
      <div
        class="MuiDataGrid-main"
      >
        <div
          class="MuiDataGrid-columnsContainer"
          style="min-height: 56px; max-height: 56px; line-height: 56px;"
        >
          <div
            aria-rowindex="1"
            class="MuiDataGrid-colCellWrapper scroll"
            role="row"
            style="transform: translate3d(-0px, 0, 0); min-width: 400px;"
          >
            <div
              aria-colindex="1"
              class="MuiDataGrid-colCell"
              data-field="logo"
              role="columnheader"
              style="width: 100px; min-width: 100px; max-width: 100px;"
              tabindex="-1"
            >
              <div
                class="MuiDataGrid-colCell-draggable"
                draggable="false"
              >
                <div
                  class="MuiDataGrid-colCellTitleContainer"
                >
                  <div
                    class="MuiDataGrid-colCellTitle"
                    title=""
                  >
                    Logo
                  </div>
                </div>
              </div>
              <div
                class="MuiDataGrid-columnSeparator"
                style="min-height: 56px; opacity: 1;"
              >
                <svg
                  aria-hidden="true"
                  class="MuiSvgIcon-root MuiDataGrid-iconSeparator"
                  focusable="false"
                  viewBox="0 0 24 24"
                >
                  <path
                    d="M11 19V5h2v14z"
                  />
                </svg>
              </div>
            </div>
            <div
              aria-colindex="2"
              class="MuiDataGrid-colCell MuiDataGrid-colCellSortable"
              data-field="name"
              role="columnheader"
              style="width: 100px; min-width: 100px; max-width: 100px;"
              tabindex="-1"
            >
              <div
                class="MuiDataGrid-colCell-draggable"
                draggable="false"
              >
                <div
                  class="MuiDataGrid-colCellTitleContainer"
                >
                  <div
                    class="MuiDataGrid-colCellTitle"
                    title=""
                  >
                    Name
                  </div>
                </div>
              </div>
              <div
                class="MuiDataGrid-columnSeparator"
                style="min-height: 56px; opacity: 1;"
              >
                <svg
                  aria-hidden="true"
                  class="MuiSvgIcon-root MuiDataGrid-iconSeparator"
                  focusable="false"
                  viewBox="0 0 24 24"
                >
                  <path
                    d="M11 19V5h2v14z"
                  />
                </svg>
              </div>
            </div>
            <div
              aria-colindex="3"
              class="MuiDataGrid-colCell MuiDataGrid-colCellSortable"
              data-field="specialty"
              role="columnheader"
              style="width: 100px; min-width: 100px; max-width: 100px;"
              tabindex="-1"
            >
              <div
                class="MuiDataGrid-colCell-draggable"
                draggable="false"
              >
                <div
                  class="MuiDataGrid-colCellTitleContainer"
                >
                  <div
                    class="MuiDataGrid-colCellTitle"
                    title=""
                  >
                    Specialty
                  </div>
                </div>
              </div>
              <div
                class="MuiDataGrid-columnSeparator"
                style="min-height: 56px; opacity: 1;"
              >
                <svg
                  aria-hidden="true"
                  class="MuiSvgIcon-root MuiDataGrid-iconSeparator"
                  focusable="false"
                  viewBox="0 0 24 24"
                >
                  <path
                    d="M11 19V5h2v14z"
                  />
                </svg>
              </div>
            </div>
            <div
              aria-colindex="4"
              class="MuiDataGrid-colCell MuiDataGrid-colCellSortable"
              data-field="city"
              role="columnheader"
              style="width: 100px; min-width: 100px; max-width: 100px;"
              tabindex="-1"
            >
              <div
                class="MuiDataGrid-colCell-draggable"
                draggable="false"
              >
                <div
                  class="MuiDataGrid-colCellTitleContainer"
                >
                  <div
                    class="MuiDataGrid-colCellTitle"
                    title=""
                  >
                    City
                  </div>
                </div>
              </div>
              <div
                class="MuiDataGrid-columnSeparator"
                style="min-height: 56px; opacity: 1;"
              >
                <svg
                  aria-hidden="true"
                  class="MuiSvgIcon-root MuiDataGrid-iconSeparator"
                  focusable="false"
                  viewBox="0 0 24 24"
                >
                  <path
                    d="M11 19V5h2v14z"
                  />
                </svg>
              </div>
            </div>
          </div>
        </div>
        <div
          class="MuiDataGrid-overlay"
          style="top: 56px;"
        >
          <div
            class="MuiCircularProgress-root MuiCircularProgress-colorPrimary MuiCircularProgress-indeterminate"
            role="progressbar"
            style="width: 40px; height: 40px;"
          >
            <svg
              class="MuiCircularProgress-svg"
              viewBox="22 22 44 44"
            >
              <circle
                class="MuiCircularProgress-circle MuiCircularProgress-circleIndeterminate"
                cx="44"
                cy="44"
                fill="none"
                r="20.2"
                stroke-width="3.6"
              />
            </svg>
          </div>
        </div>
        <div
          style="overflow: visible; width: 0px;"
        >
          <div
            style="width: 0px; height: 160px;"
          >
            <div
              class="MuiDataGrid-window"
              style="top: 56px; overflow-y: hidden;"
            >
              <div
                class="MuiDataGrid-dataContainer data-container"
                style="min-height: 1px; min-width: 400px;"
              >
                <div
                  class="MuiDataGrid-viewport"
                  style="min-width: 0; max-width: 0; min-height: 0; max-height: 0;"
                >
                  <div
                    class="rendering-zone"
                    style="max-height: 52px; width: 400px; pointer-events: none; transform: translate3d(-0px, -0px, 0);"
                  />
                </div>
              </div>
            </div>
          </div>
        </div>
        <div
          class="Mui-resizeTriggers"
        >
          <div
            class="expand-trigger"
          >
            <div
              style="width: 1px; height: 1px;"
            />
          </div>
          <div
            class="contract-trigger"
          />
        </div>
      </div>
      <div>
        <div
          class="MuiDataGrid-footer"
        >
          <div />
          <div
            class="MuiTablePagination-root"
          >
            <div
              class="MuiToolbar-root MuiToolbar-regular MuiTablePagination-toolbar MuiToolbar-gutters"
            >
              <div
                class="MuiTablePagination-spacer"
              />
              <p
                class="MuiTypography-root MuiTablePagination-caption makeStyles-caption-2 MuiTypography-body2 MuiTypography-colorInherit"
              >
                0-0 of 0
              </p>
              <div
                class="MuiTablePagination-actions"
              >
                <button
                  aria-label="Previous page"
                  class="MuiButtonBase-root MuiIconButton-root MuiIconButton-colorInherit Mui-disabled Mui-disabled"
                  disabled=""
                  tabindex="-1"
                  title="Previous page"
                  type="button"
                >
                  <span
                    class="MuiIconButton-label"
                  >
                    <svg
                      aria-hidden="true"
                      class="MuiSvgIcon-root"
                      focusable="false"
                      viewBox="0 0 24 24"
                    >
                      <path
                        d="M15.41 16.09l-4.58-4.59 4.58-4.59L14 5.5l-6 6 6 6z"
                      />
                    </svg>
                  </span>
                </button>
                <button
                  aria-label="Next page"
                  class="MuiButtonBase-root MuiIconButton-root MuiIconButton-colorInherit Mui-disabled Mui-disabled"
                  disabled=""
                  tabindex="-1"
                  title="Next page"
                  type="button"
                >
                  <span
                    class="MuiIconButton-label"
                  >
                    <svg
                      aria-hidden="true"
                      class="MuiSvgIcon-root"
                      focusable="false"
                      viewBox="0 0 24 24"
                    >
                      <path
                        d="M8.59 16.34l4.58-4.59-4.58-4.59L10 5.75l6 6-6 6z"
                      />
                    </svg>
                  </span>
                </button>
              </div>
            </div>
          </div>
        </div>
      </div>
    </div>
  </main>
</DocumentFragment>
`;
